// Jest Snapshot v1, https://goo.gl/fbAQLP

exports[`App tests renders correctly 1`] = `
ShallowWrapper {
  "length": 1,
  Symbol(enzyme.__root__): [Circular],
  Symbol(enzyme.__unrendered__): <Home
    goTo={[MockFunction]}
  />,
  Symbol(enzyme.__renderer__): Object {
    "batchedUpdates": [Function],
    "getNode": [Function],
    "render": [Function],
    "simulateEvent": [Function],
    "unmount": [Function],
  },
  Symbol(enzyme.__node__): Object {
    "instance": null,
    "key": undefined,
    "nodeType": "host",
    "props": Object {
      "children": <div
        className="content"
      >
        <div
          className="header"
        >
          <h1>
             Welcome to the trivia challange
          </h1>
        </div>
        <div
          className="body"
        >
          <p>
            You will be presented with 10 True or False questions. Can you score 100%? Let
            '
            s find out.
          </p>
        </div>
        <div
          className="center-btn"
        >
          <a
            className="btn"
            onClick={[Function]}
          >
            begin
          </a>
        </div>
      </div>,
      "className": "container home",
    },
    "ref": null,
    "rendered": Object {
      "instance": null,
      "key": undefined,
      "nodeType": "host",
      "props": Object {
        "children": Array [
          <div
            className="header"
          >
            <h1>
               Welcome to the trivia challange
            </h1>
          </div>,
          <div
            className="body"
          >
            <p>
              You will be presented with 10 True or False questions. Can you score 100%? Let
              '
              s find out.
            </p>
          </div>,
          <div
            className="center-btn"
          >
            <a
              className="btn"
              onClick={[Function]}
            >
              begin
            </a>
          </div>,
        ],
        "className": "content",
      },
      "ref": null,
      "rendered": Array [
        Object {
          "instance": null,
          "key": undefined,
          "nodeType": "host",
          "props": Object {
            "children": <h1>
               Welcome to the trivia challange
            </h1>,
            "className": "header",
          },
          "ref": null,
          "rendered": Object {
            "instance": null,
            "key": undefined,
            "nodeType": "host",
            "props": Object {
              "children": " Welcome to the trivia challange",
            },
            "ref": null,
            "rendered": " Welcome to the trivia challange",
            "type": "h1",
          },
          "type": "div",
        },
        Object {
          "instance": null,
          "key": undefined,
          "nodeType": "host",
          "props": Object {
            "children": <p>
              You will be presented with 10 True or False questions. Can you score 100%? Let
              '
              s find out.
            </p>,
            "className": "body",
          },
          "ref": null,
          "rendered": Object {
            "instance": null,
            "key": undefined,
            "nodeType": "host",
            "props": Object {
              "children": Array [
                "You will be presented with 10 True or False questions. Can you score 100%? Let",
                "'",
                "s find out.",
              ],
            },
            "ref": null,
            "rendered": Array [
              "You will be presented with 10 True or False questions. Can you score 100%? Let",
              "'",
              "s find out.",
            ],
            "type": "p",
          },
          "type": "div",
        },
        Object {
          "instance": null,
          "key": undefined,
          "nodeType": "host",
          "props": Object {
            "children": <a
              className="btn"
              onClick={[Function]}
            >
              begin
            </a>,
            "className": "center-btn",
          },
          "ref": null,
          "rendered": Object {
            "instance": null,
            "key": undefined,
            "nodeType": "host",
            "props": Object {
              "children": "begin",
              "className": "btn",
              "onClick": [Function],
            },
            "ref": null,
            "rendered": "begin",
            "type": "a",
          },
          "type": "div",
        },
      ],
      "type": "div",
    },
    "type": "div",
  },
  Symbol(enzyme.__nodes__): Array [
    Object {
      "instance": null,
      "key": undefined,
      "nodeType": "host",
      "props": Object {
        "children": <div
          className="content"
        >
          <div
            className="header"
          >
            <h1>
               Welcome to the trivia challange
            </h1>
          </div>
          <div
            className="body"
          >
            <p>
              You will be presented with 10 True or False questions. Can you score 100%? Let
              '
              s find out.
            </p>
          </div>
          <div
            className="center-btn"
          >
            <a
              className="btn"
              onClick={[Function]}
            >
              begin
            </a>
          </div>
        </div>,
        "className": "container home",
      },
      "ref": null,
      "rendered": Object {
        "instance": null,
        "key": undefined,
        "nodeType": "host",
        "props": Object {
          "children": Array [
            <div
              className="header"
            >
              <h1>
                 Welcome to the trivia challange
              </h1>
            </div>,
            <div
              className="body"
            >
              <p>
                You will be presented with 10 True or False questions. Can you score 100%? Let
                '
                s find out.
              </p>
            </div>,
            <div
              className="center-btn"
            >
              <a
                className="btn"
                onClick={[Function]}
              >
                begin
              </a>
            </div>,
          ],
          "className": "content",
        },
        "ref": null,
        "rendered": Array [
          Object {
            "instance": null,
            "key": undefined,
            "nodeType": "host",
            "props": Object {
              "children": <h1>
                 Welcome to the trivia challange
              </h1>,
              "className": "header",
            },
            "ref": null,
            "rendered": Object {
              "instance": null,
              "key": undefined,
              "nodeType": "host",
              "props": Object {
                "children": " Welcome to the trivia challange",
              },
              "ref": null,
              "rendered": " Welcome to the trivia challange",
              "type": "h1",
            },
            "type": "div",
          },
          Object {
            "instance": null,
            "key": undefined,
            "nodeType": "host",
            "props": Object {
              "children": <p>
                You will be presented with 10 True or False questions. Can you score 100%? Let
                '
                s find out.
              </p>,
              "className": "body",
            },
            "ref": null,
            "rendered": Object {
              "instance": null,
              "key": undefined,
              "nodeType": "host",
              "props": Object {
                "children": Array [
                  "You will be presented with 10 True or False questions. Can you score 100%? Let",
                  "'",
                  "s find out.",
                ],
              },
              "ref": null,
              "rendered": Array [
                "You will be presented with 10 True or False questions. Can you score 100%? Let",
                "'",
                "s find out.",
              ],
              "type": "p",
            },
            "type": "div",
          },
          Object {
            "instance": null,
            "key": undefined,
            "nodeType": "host",
            "props": Object {
              "children": <a
                className="btn"
                onClick={[Function]}
              >
                begin
              </a>,
              "className": "center-btn",
            },
            "ref": null,
            "rendered": Object {
              "instance": null,
              "key": undefined,
              "nodeType": "host",
              "props": Object {
                "children": "begin",
                "className": "btn",
                "onClick": [Function],
              },
              "ref": null,
              "rendered": "begin",
              "type": "a",
            },
            "type": "div",
          },
        ],
        "type": "div",
      },
      "type": "div",
    },
  ],
  Symbol(enzyme.__options__): Object {
    "adapter": ReactSixteenAdapter {
      "options": Object {
        "enableComponentDidUpdateOnSetState": true,
      },
    },
  },
}
`;
